mint@hp-g27 ~/Documents/lab/2/24 $ make
gcc    -c -o tree.o tree.c
gcc    -c -o transform.o transform.c
gcc    -c -o main.o main.c
gcc -g -std=c99 -w -pipe -O3 -Wextra -Werror -pedantic lexer.o tree.o transform.o main.o -o run
mint@hp-g27 ~/Documents/lab/2/24 $ ./run 
Введите выражение:
a+2*a
Введите добавляемое выражение:
i+4

Выражение в линейном представлении:
a+2*a
Добавляемое выражение в линейном представлении:
i+4
Дерево выражения до преобразования:
+
	a
	*
		2
		a

Дерево добавляемого выражения:
+
	i
	4

Введите переменную, которую нужно заменить на выражение:
a

Дерево выражения после преобразования:
+
	+
		i
		4
	*
		2
		+
			i
			4

Выражение в линейном представлении:
((i+4)+(2*(i+4)))
mint@hp-g27 ~/Documents/lab/2/24 $ ./run 
Введите выражение:
a^3-p+3-a+a
Введите добавляемое выражение:
x

Выражение в линейном представлении:
a^3-p+3-a+a
Добавляемое выражение в линейном представлении:
x
Дерево выражения до преобразования:
+
	-
		+
			-
				^
					a
					3
				p
			3
		a
	a

Дерево добавляемого выражения:
x

Введите переменную, которую нужно заменить на выражение:
a

Дерево выражения после преобразования:
+
	-
		+
			-
				^
					x
					3
				p
			3
		x
	x

Выражение в линейном представлении:
(((((x^3)-p)+3)-x)+x)
mint@hp-g27 ~/Documents/lab/2/24 $ ./run 
Введите выражение:
^[[A^[[B^C
mint@hp-g27 ~/Documents/lab/2/24 $ ./run 
Введите выражение:
a^3-p+3-a+a
Введите добавляемое выражение:
3^2-1

Выражение в линейном представлении:
a^3-p+3-a+a
Добавляемое выражение в линейном представлении:
3^2-1
Дерево выражения до преобразования:
+
	-
		+
			-
				^
					a
					3
				p
			3
		a
	a

Дерево добавляемого выражения:
-
	^
		3
		2
	1

Введите переменную, которую нужно заменить на выражение:
a

Дерево выражения после преобразования:
+
	-
		+
			-
				^
					-
						^
							3
							2
						1
					3
				p
			3
		-
			^
				3
				2
			1
	-
		^
			3
			2
		1

Выражение в линейном представлении:
(((((((3^2)-1)^3)-p)+3)-((3^2)-1))+((3^2)-1))
mint@hp-g27 ~/Documents/lab/2/24 $ make
make: Nothing to be done for 'all'.
mint@hp-g27 ~/Documents/lab/2/24 $ ./run 
Введите выражение:
x+3/(15+a)
Введите добавляемое выражение:
3 

Выражение в линейном представлении:
x+3/(15+a)
Добавляемое выражение в линейном представлении:
3
Дерево выражения до преобразования:
+
	x
	/
		3
		+
			15
			a

Дерево добавляемого выражения:
3

Введите переменную, которую нужно заменить на выражение:
x

Дерево выражения после преобразования:
+
	3
	/
		3
		+
			15
			a

Выражение в линейном представлении:
(3+(3/(15+a)))


