artdub@mint ~/c++/labs/sem_2/kp/kp1/test $ date
Вт. марта 20 19:42:20 MSK 2018
artdub@mint ~/c++/labs/sem_2/kp/kp1/test $ ls
f1  f1.bin  main.c  main.out  otchet.txt  person.h  read_db.c  read_db.out
artdub@mint ~/c++/labs/sem_2/kp/kp1/test $ cat person.h read_db.c main.c 
#ifndef __person_h__
#define __person_h__

typedef struct 
{
	char name[30]; //{Surname} size = 32
	
	char inits[5]; //{SurnameNamePatname} size = 5
	
	int things_count;// {0-2147483647}  size = 12
	int things_weight; //in killograms {0-2147483647} size = 12
	char to[35]; //{city/country}  size = 37
	
	char time[6]; //format {hh:mm} hh = {00-23} mm = {00-59}  size = 8
	
	int check_add_trans; //check of additional transfers = y/n {0} or {1}  size = 3
	int check_children; //check childrens = y/n {0} or {1}  size = 3

} person;

#endif // __person_h__



#include <stdio.h>
#include <string.h>
#include <malloc.h>
#include "person.h"

void wout_fname()
{
	printf("Usage: program filename.\n");
}

void fnot_exst()
{
	printf("File not exist.\nUsage: program filename.\n");
}

int read_db(FILE* f_in, FILE* f_out)
{
	person tmp;
	int count=0;
	// tmp.name = (char*)malloc(50);
	// tmp.inits = (char*)malloc(50);
	// tmp.to = (char*)malloc(100);
	// tmp.time = (char*)malloc(10);
	
	while (8 == fscanf(f_in,"%[^ ] %[^ ] %d %d %[^ ] %[^ ] %d %d",tmp.name,tmp.inits,&tmp.things_count,&tmp.things_weight
			,tmp.to,tmp.time,&tmp.check_add_trans,&tmp.check_children))
	{
		fwrite(&tmp,sizeof(tmp),1,f_out);
		count++;
	}
	
	return count;
}

int main(int argc, char* argv[])
{
	if(argc!=2) {
		wout_fname();
		return 1;
	}

	
	FILE* f_in  = fopen(argv[1],"r");

	if(!f_in) {
		fnot_exst();
		return 2;
	}

	char* db_name_pfix = ".bin";
	char* final_db_name = strcat(argv[1], db_name_pfix);
	FILE* f_out = fopen(final_db_name,"w");

	int count = read_db(f_in,f_out);
	if(count>0) {
		printf("Success.\nCount of row in db = %d.\n", count);
	}
	else {
		printf("Empty file\n");
		wout_fname();
	}
	fclose(f_in);
	fclose(f_out);
	return 0;
}#include <stdio.h>
#include <string.h>
#include <malloc.h>
#include "person.h"
#include <stdlib.h> 

#define TABLE_WIDTH 103
#define TABLE_NAME_WIDTH 20
#define TABLE_INITS_WIDTH 5
#define TABLE_THINGS_COUNT_WIDTH 15
#define TABLE_THINGS_WEIGHT_WIDTH 15
#define TABLE_TO_WIDTH 25
#define TABLE_TIME_WIDTH 8
#define TABLE_CHECK_WIDTH 3

void without_filename() //error 'without file name'
{
	printf("Error.\nUsage: [-f] [-p][INT] FILE.\n");
}

void file_not_exist(char* file) //file not exist
{
	printf("File \"%s\" not exist.\nUsage: [-f] [-p][INT] FILE.\n",file);
}

//////////////PRINT TABLE/////////////////////////


void print_bottom_row()
{
	printf("|");
	for(int i = 0; i < TABLE_NAME_WIDTH; ++i) {
		printf("_");
	}
	printf("|");
	for(int i = 0; i < TABLE_INITS_WIDTH; ++i) {
		printf("_");
	}
	printf("|");
	for(int i = 0; i < TABLE_THINGS_COUNT_WIDTH; ++i) {
		printf("_");
	}
	printf("|");
	for(int i = 0; i < TABLE_THINGS_WEIGHT_WIDTH; ++i) {
		printf("_");
	}
	printf("|");
	for(int i = 0; i < TABLE_TO_WIDTH; ++i) {
		printf("_");
	}
	printf("|");
	for(int i = 0; i < TABLE_TIME_WIDTH; ++i) {
		printf("_");
	}
	printf("|");
	for(int i = 0; i < TABLE_CHECK_WIDTH; ++i) {
		printf("_");
	}
	printf("|");
	for(int i = 0; i < TABLE_CHECK_WIDTH; ++i) {
		printf("_");
	}
	printf("|\n");
}

void print_top_row()
{
	printf("D* - direct fly {1=yes,0=no}\n");
	printf("C* - children {1=yes,0=no}\n");
	for(int i = 0; i < TABLE_WIDTH; ++i) {
		printf("_");
	}
	printf("\n");

	printf("|Surname             ");
	printf("|Inits");
	printf("|Count Baggage  ");
	printf("|Weight Baggage ");
	printf("|city/country             ");
	printf("|time    ");
	printf("|D* ");
	printf("|C* |");

	printf("\n");
	print_bottom_row();
}

void print_row(person p)
{
	if(p.name[0] == '\n') {
		p.name[0] = '|';
		printf("%-21s", p.name);
	}
	else {
		printf("|%-20s", p.name);
	}
	 
	
	printf("|%-5s", p.inits);
	printf("|%-15d", p.things_count);
	printf("|%-15d", p.things_weight);
	printf("|%-25s", p.to);
	printf("|%-8s", p.time);
	printf("|%-3d", p.check_add_trans);
	printf("|%-3d|\n", p.check_children);

	print_bottom_row();

}

void print_table(person p[],int count)
{
	print_top_row();

	for(long long i = 0; i < count; ++i) {
		print_row(p[i]);
	}
	printf("\n");
}
/////////////////////////////////////////////////////

void check_task(person p[],int count, int p_diff) {
	for(long long i = 0; i < count; ++i) {
		for (long long j = i+1; j < count; ++j)
		{
			if(p[i].things_count == p[j].things_count)
			{
				if(abs(p[i].things_weight - p[j].things_weight)<=p_diff)
				{
					printf("Yes, table have.\n\n");
					printf("Difference of 2 record  <= -p\n");
					printf("%d <= %d\n", abs(p[i].things_weight - p[j].things_weight),p_diff);
					print_top_row();
					print_row(p[i]);
					print_row(p[j]);
					printf("\n");

					return;
				}
			}
		}
	}
	printf("NO, table have not.\n\n");
}


int main(int argc, char* argv[])
{
	if(argc<3) { //if even 1 key name and filename exist
		without_filename();
		return 1;
	}

	int check_f=0,check_p=0;
	int count_p;
	
	FILE* f_in;
	f_in = 0;
	for(int i=1; i<argc; ++i) { //choose arguments and filename

		if (!strcmp(argv[i],"-f")) {
			check_f = 1;
		}
		else if(!strcmp(argv[i],"-p")) {
			check_p = 1;
			if(i+1==argc) {
				without_filename();
			}
			i++;
			count_p = atoi (argv[i]);
			if(count_p == 0) {
				if(argv[i][0] != '0' || strlen(argv[i]) != 1) {
					without_filename();
					return 1;
				}
			}

	
		}
		else {
			f_in  = fopen(argv[i],"r");
			if(!f_in) {
				file_not_exist(argv[i]);
				return 2;
			}
		}
	
	}

	
	if(!f_in || !( check_f || check_p)) { //if keys wrong or file not exist
		without_filename();
		return 2;
	}

	fseek(f_in,0,SEEK_END); 
	int fsize = ftell(f_in); //file size
	fseek(f_in,0,SEEK_SET);

	person tmp_p; 
	int psize = sizeof(tmp_p); //person struct size
	int count_of_recs = fsize/psize; //count of records of table
	
	person p[count_of_recs+2]; //from binary to massif
	int j = 0;
	while(fread(&p[j],sizeof(p),1,f_in) == 1) {
		++j;
	}


	if(check_p) {
		check_task(p,count_of_recs,count_p);
	}

	if(check_f) { //-f print table
		
		print_table(p,count_of_recs);
			
	}

	return 0;
}artdub@mint ~/c++/labs/sem_2/kp/kp1/test $
artdub@mint ~/c++/labs/sem_2/kp/kp1/test $ ./read_db.out f1
Success.
Count of row in db = 19.
artdub@mint ~/c++/labs/sem_2/kp/kp1/test $ ./main.out -f f1
f1      f1.bin  
artdub@mint ~/c++/labs/sem_2/kp/kp1/test $ ./main.out -f f1.bin 
D* - direct fly {1=yes,0=no}
C* - children {1=yes,0=no}
_______________________________________________________________________________________________________
|Surname             |Inits|Count Baggage  |Weight Baggage |city/country             |time    |D* |C* |
|____________________|_____|_______________|_______________|_________________________|________|___|___|
|dubinin             |dao  |2              |22             |krasnoyarsk/russia       |23:50   |0  |0  |
|____________________|_____|_______________|_______________|_________________________|________|___|___|
|ivanov              |idv  |3              |20             |orenburg/russia          |11:03   |1  |0  |
|____________________|_____|_______________|_______________|_________________________|________|___|___|
|minaev              |mds  |1              |33             |podolsk/russia           |13:33   |0  |0  |
|____________________|_____|_______________|_______________|_________________________|________|___|___|
|bond                |jb   |1              |5              |london/england           |03:30   |0  |0  |
|____________________|_____|_______________|_______________|_________________________|________|___|___|
|potter              |hp   |3              |7              |bermingem/england        |09:13   |1  |0  |
|____________________|_____|_______________|_______________|_________________________|________|___|___|
|Abramson            |ab   |2              |10             |cologne/germany          |01:15   |0  |1  |
|____________________|_____|_______________|_______________|_________________________|________|___|___|
|Adamson             |ac   |3              |13             |dortmund/germany         |02:15   |1  |1  |
|____________________|_____|_______________|_______________|_________________________|________|___|___|
|Adderiy             |ad   |4              |15             |minsk/belarus            |10:15   |0  |1  |
|____________________|_____|_______________|_______________|_________________________|________|___|___|
|Sigurdson           |se   |2              |17             |reykjavik/iceland        |03:58   |1  |0  |
|____________________|_____|_______________|_______________|_________________________|________|___|___|
|Cadrian             |af   |1              |18             |canberra/austalia        |18:23   |1  |1  |
|____________________|_____|_______________|_______________|_________________________|________|___|___|
|Albertson           |ag   |2              |9              |bardeux/france           |20:44   |0  |0  |
|____________________|_____|_______________|_______________|_________________________|________|___|___|
|Baldridge           |bh   |3              |18             |capetown/rsa             |09:59   |1  |0  |
|____________________|_____|_______________|_______________|_________________________|________|___|___|
|Allford             |aq   |1              |6              |newyork/usa              |08:32   |0  |1  |
|____________________|_____|_______________|_______________|_________________________|________|___|___|
|Yolsopp             |yw   |2              |14             |ogio/usa                 |08:19   |1  |0  |
|____________________|_____|_______________|_______________|_________________________|________|___|___|
|Anderson            |ae   |2              |66             |washington/usa           |14:25   |0  |1  |
|____________________|_____|_______________|_______________|_________________________|________|___|___|
|Andrews             |ar   |7              |35             |sanfrancisco/usa         |01:35   |1  |0  |
|____________________|_____|_______________|_______________|_________________________|________|___|___|
|Archibald           |at   |2              |15             |brussel/belgium          |17:35   |0  |1  |
|____________________|_____|_______________|_______________|_________________________|________|___|___|
|San                 |sh   |3              |12             |beijing/china            |19:19   |1  |1  |
|____________________|_____|_______________|_______________|_________________________|________|___|___|
|Arthurs             |au   |2              |33             |hanoi/vietnam            |14:15   |0  |1  |
|____________________|_____|_______________|_______________|_________________________|________|___|___|

artdub@mint ~/c++/labs/sem_2/kp/kp1/test $ ./main.out -p 4 f1.bin 
Yes, table have.

Difference of 2 record  <= -p
2 <= 4
D* - direct fly {1=yes,0=no}
C* - children {1=yes,0=no}
_______________________________________________________________________________________________________
|Surname             |Inits|Count Baggage  |Weight Baggage |city/country             |time    |D* |C* |
|____________________|_____|_______________|_______________|_________________________|________|___|___|
|ivanov              |idv  |3              |20             |orenburg/russia          |11:03   |1  |0  |
|____________________|_____|_______________|_______________|_________________________|________|___|___|
|Baldridge           |bh   |3              |18             |capetown/rsa             |09:59   |1  |0  |
|____________________|_____|_______________|_______________|_________________________|________|___|___|

artdub@mint ~/c++/labs/sem_2/kp/kp1/test $ ./main.out -p 12 f1.bin 
Yes, table have.

Difference of 2 record  <= -p
12 <= 12
D* - direct fly {1=yes,0=no}
C* - children {1=yes,0=no}
_______________________________________________________________________________________________________
|Surname             |Inits|Count Baggage  |Weight Baggage |city/country             |time    |D* |C* |
|____________________|_____|_______________|_______________|_________________________|________|___|___|
|dubinin             |dao  |2              |22             |krasnoyarsk/russia       |23:50   |0  |0  |
|____________________|_____|_______________|_______________|_________________________|________|___|___|
|Abramson            |ab   |2              |10             |cologne/germany          |01:15   |0  |1  |
|____________________|_____|_______________|_______________|_________________________|________|___|___|

artdub@mint ~/c++/labs/sem_2/kp/kp1/test $ ./main.out -p 1 f1.bin 
Yes, table have.

Difference of 2 record  <= -p
1 <= 1
D* - direct fly {1=yes,0=no}
C* - children {1=yes,0=no}
_______________________________________________________________________________________________________
|Surname             |Inits|Count Baggage  |Weight Baggage |city/country             |time    |D* |C* |
|____________________|_____|_______________|_______________|_________________________|________|___|___|
|bond                |jb   |1              |5              |london/england           |03:30   |0  |0  |
|____________________|_____|_______________|_______________|_________________________|________|___|___|
|Allford             |aq   |1              |6              |newyork/usa              |08:32   |0  |1  |
|____________________|_____|_______________|_______________|_________________________|________|___|___|

artdub@mint ~/c++/labs/sem_2/kp/kp1/test $ ./main.out -p 0 f1.bin 
NO, table have not.

artdub@mint ~/c++/labs/sem_2/kp/kp1/test $ ./main.out -f -p 12 f1.bin 
Yes, table have.

Difference of 2 record  <= -p
12 <= 12
D* - direct fly {1=yes,0=no}
C* - children {1=yes,0=no}
_______________________________________________________________________________________________________
|Surname             |Inits|Count Baggage  |Weight Baggage |city/country             |time    |D* |C* |
|____________________|_____|_______________|_______________|_________________________|________|___|___|
|dubinin             |dao  |2              |22             |krasnoyarsk/russia       |23:50   |0  |0  |
|____________________|_____|_______________|_______________|_________________________|________|___|___|
|Abramson            |ab   |2              |10             |cologne/germany          |01:15   |0  |1  |
|____________________|_____|_______________|_______________|_________________________|________|___|___|

D* - direct fly {1=yes,0=no}
C* - children {1=yes,0=no}
_______________________________________________________________________________________________________
|Surname             |Inits|Count Baggage  |Weight Baggage |city/country             |time    |D* |C* |
|____________________|_____|_______________|_______________|_________________________|________|___|___|
|dubinin             |dao  |2              |22             |krasnoyarsk/russia       |23:50   |0  |0  |
|____________________|_____|_______________|_______________|_________________________|________|___|___|
|ivanov              |idv  |3              |20             |orenburg/russia          |11:03   |1  |0  |
|____________________|_____|_______________|_______________|_________________________|________|___|___|
|minaev              |mds  |1              |33             |podolsk/russia           |13:33   |0  |0  |
|____________________|_____|_______________|_______________|_________________________|________|___|___|
|bond                |jb   |1              |5              |london/england           |03:30   |0  |0  |
|____________________|_____|_______________|_______________|_________________________|________|___|___|
|potter              |hp   |3              |7              |bermingem/england        |09:13   |1  |0  |
|____________________|_____|_______________|_______________|_________________________|________|___|___|
|Abramson            |ab   |2              |10             |cologne/germany          |01:15   |0  |1  |
|____________________|_____|_______________|_______________|_________________________|________|___|___|
|Adamson             |ac   |3              |13             |dortmund/germany         |02:15   |1  |1  |
|____________________|_____|_______________|_______________|_________________________|________|___|___|
|Adderiy             |ad   |4              |15             |minsk/belarus            |10:15   |0  |1  |
|____________________|_____|_______________|_______________|_________________________|________|___|___|
|Sigurdson           |se   |2              |17             |reykjavik/iceland        |03:58   |1  |0  |
|____________________|_____|_______________|_______________|_________________________|________|___|___|
|Cadrian             |af   |1              |18             |canberra/austalia        |18:23   |1  |1  |
|____________________|_____|_______________|_______________|_________________________|________|___|___|
|Albertson           |ag   |2              |9              |bardeux/france           |20:44   |0  |0  |
|____________________|_____|_______________|_______________|_________________________|________|___|___|
|Baldridge           |bh   |3              |18             |capetown/rsa             |09:59   |1  |0  |
|____________________|_____|_______________|_______________|_________________________|________|___|___|
|Allford             |aq   |1              |6              |newyork/usa              |08:32   |0  |1  |
|____________________|_____|_______________|_______________|_________________________|________|___|___|
|Yolsopp             |yw   |2              |14             |ogio/usa                 |08:19   |1  |0  |
|____________________|_____|_______________|_______________|_________________________|________|___|___|
|Anderson            |ae   |2              |66             |washington/usa           |14:25   |0  |1  |
|____________________|_____|_______________|_______________|_________________________|________|___|___|
|Andrews             |ar   |7              |35             |sanfrancisco/usa         |01:35   |1  |0  |
|____________________|_____|_______________|_______________|_________________________|________|___|___|
|Archibald           |at   |2              |15             |brussel/belgium          |17:35   |0  |1  |
|____________________|_____|_______________|_______________|_________________________|________|___|___|
|San                 |sh   |3              |12             |beijing/china            |19:19   |1  |1  |
|____________________|_____|_______________|_______________|_________________________|________|___|___|
|Arthurs             |au   |2              |33             |hanoi/vietnam            |14:15   |0  |1  |
|____________________|_____|_______________|_______________|_________________________|________|___|___|

artdub@mint ~/c++/labs/sem_2/kp/kp1/test $ ./main.out f1.bin 
Error.
Usage: [-f] [-p][INT] FILE.
artdub@mint ~/c++/labs/sem_2/kp/kp1/test $ ./main.out f1.sds 
Error.
Usage: [-f] [-p][INT] FILE.
artdub@mint ~/c++/labs/sem_2/kp/kp1/test $ ./main.out -f f1.sd 
File "f1.sd" not exist.
Usage: [-f] [-p][INT] FILE.
artdub@mint ~/c++/labs/sem_2/kp/kp1/test $ ./main.out -p asd f1.bin 
Error.
Usage: [-f] [-p][INT] FILE.
artdub@mint ~/c++/labs/sem_2/kp/kp1/test $ ./main.out -p 0das f1.bin 
Error.
Usage: [-f] [-p][INT] FILE.
artdub@mint ~/c++/labs/sem_2/kp/kp1/test $ 
